../Core/Src/main.c:212:1:__io_putchar	16	static
../Core/Src/main.c:230:5:main	16	static
../Core/Src/main.c:402:6:SystemClock_Config	88	static
../Core/Src/main.c:446:6:HAL_TIM_IC_CaptureCallback	16	static
../Core/Src/main.c:451:6:HAL_GPIO_EXTI_Callback	16	static
../Core/Src/main.c:473:6:myOLED_char	16	static
../Core/Src/main.c:479:6:myOLED_char_big	16	static
../Core/Src/main.c:485:6:myOLED_float	32	static
../Core/Src/main.c:493:6:myOLED_float_big	32	static
../Core/Src/main.c:501:6:myOLED_int	32	static
../Core/Src/main.c:509:6:myOLED_int8	32	static
../Core/Src/main.c:519:6:update_display	16	static
../Core/Src/main.c:553:6:display_home_screen	40	static
../Core/Src/main.c:623:6:display_mode_selection	56	static
../Core/Src/main.c:646:6:display_parameter_setting	24	static
../Core/Src/main.c:728:6:update_encoder_state	8	static
../Core/Src/main.c:766:6:update_parameter_value	48	static
../Core/Src/main.c:809:6:put_parameter_limit	8	static
../Core/Src/main.c:857:6:handle_button_press	4	static
../Core/Src/main.c:921:6:Error_Handler	4	static,ignoring_inline_asm
